
> user-panel@0.1.0 build
> next build

node.exe : ÔÜá 
turbopack.root should 
be absolute, using: E:
\mspk_trading_backend
At C:\Program Files\no
dejs\npm.ps1:29 char:3
+   & $NODE_EXE 
$NPM_CLI_JS $args
+   ~~~~~~~~~~~~~~~~~~
~~~~~~~~~~~
    + CategoryInfo    
          : NotSpeci  
  fied: (ÔÜá turbop   
 ack.r...trading_b    
ackend:String) []    
, RemoteException
    + FullyQualifiedE 
   rrorId : NativeCo  
  mmandError
 
Ôû▓ Next.js 16.1.1 (Turbopack)

  Creating an optimized production build ...
Ô£ô Compiled successfully in 7.1s
  Running TypeScript ...
  Collecting page data using 11 workers ...
  Generating static pages using 11 workers (0/18) ...
The width(-1) and 
height(-1) of chart 
should be greater 
than 0,
       please check 
the style of 
container, or the 
props width(100%) and 
height(100%),
       or add a 
minWidth(0) or 
minHeight(undefined) 
or use 
aspect(undefined) to 
control the
       height and 
width.
The width(-1) and 
height(-1) of chart 
should be greater 
than 0,
       please check 
the style of 
container, or the 
props width(100%) and 
height(100%),
       or add a 
minWidth(0) or 
minHeight(undefined) 
or use 
aspect(undefined) to 
control the
       height and 
width.
The width(-1) and 
height(-1) of chart 
should be greater 
than 0,
       please check 
the style of 
container, or the 
props width(100%) and 
height(100%),
       or add a 
minWidth(0) or 
minHeight(undefined) 
or use 
aspect(undefined) to 
control the
       height and 
width.
The width(-1) and 
height(-1) of chart 
should be greater 
than 0,
       please check 
the style of 
container, or the 
props width(100%) and 
height(100%),
       or add a 
minWidth(0) or 
minHeight(undefined) 
or use 
aspect(undefined) to 
control the
       height and 
width.
The width(-1) and 
height(-1) of chart 
should be greater 
than 0,
       please check 
the style of 
container, or the 
props width(100%) and 
height(100%),
       or add a 
minWidth(0) or 
minHeight(undefined) 
or use 
aspect(undefined) to 
control the
       height and 
width.
  Generating static pages using 11 workers (4/18) 
  Generating static pages using 11 workers (8/18) 
  Generating static pages using 11 workers (13/18) 
Ô£ô Generating static pages using 11 workers (18/18) in 874.1ms
  Finalizing page optimization ...

Route (app)
Ôöî Ôùï /
Ôö£ Ôùï /_not-found
Ôö£ Ôùï /about
Ôö£ Ôùï /dashboard
Ôö£ Ôùï /dashboard/alerts
Ôö£ Ôùï /dashboard/market
Ôö£ Ôùï /dashboard/plans
Ôö£ Ôùï /dashboard/reports
Ôö£ Ôùï /dashboard/settings
Ôö£ Ôùï /dashboard/signals
Ôö£ Ôùï /dashboard/strategies
Ôö£ Ôùï /dashboard/support
Ôö£ Ôùï /login
Ôö£ Ôùï /market
Ôö£ Ôùï /plans
Ôöö Ôùï /trial


Ôùï  (Static)  prerendered as static content

