src/app/(dashboard)/dashboard/market/page.tsx(3,8): error TS1259: Module '"E:/mspk_trading_backend/user-panel/node_modules/@types/react/index"' can only be default-imported using the 'esModuleInterop' flag
src/app/(dashboard)/dashboard/market/page.tsx(93,9): error TS17004: Cannot use JSX unless the '--jsx' flag is provided.
src/app/(dashboard)/dashboard/market/page.tsx(94,13): error TS17004: Cannot use JSX unless the '--jsx' flag is provided.
src/app/(dashboard)/dashboard/market/page.tsx(95,13): error TS17004: Cannot use JSX unless the '--jsx' flag is provided.
src/app/(dashboard)/dashboard/market/page.tsx(101,5): error TS17004: Cannot use JSX unless the '--jsx' flag is provided.
src/app/(dashboard)/dashboard/market/page.tsx(102,9): error TS17004: Cannot use JSX unless the '--jsx' flag is provided.
src/app/(dashboard)/dashboard/market/page.tsx(103,13): error TS17004: Cannot use JSX unless the '--jsx' flag is provided.
src/app/(dashboard)/dashboard/market/page.tsx(104,13): error TS17004: Cannot use JSX unless the '--jsx' flag is provided.
src/app/(dashboard)/dashboard/market/page.tsx(105,13): error TS17004: Cannot use JSX unless the '--jsx' flag is provided.
src/app/(dashboard)/dashboard/market/page.tsx(106,13): error TS17004: Cannot use JSX unless the '--jsx' flag is provided.
src/app/(dashboard)/dashboard/market/page.tsx(107,13): error TS17004: Cannot use JSX unless the '--jsx' flag is provided.
src/app/(dashboard)/dashboard/market/page.tsx(108,13): error TS17004: Cannot use JSX unless the '--jsx' flag is provided.
src/app/(dashboard)/dashboard/market/page.tsx(110,9): error TS17004: Cannot use JSX unless the '--jsx' flag is provided.
src/app/(dashboard)/dashboard/market/page.tsx(111,13): error TS17004: Cannot use JSX unless the '--jsx' flag is provided.
src/app/(dashboard)/dashboard/market/page.tsx(112,13): error TS17004: Cannot use JSX unless the '--jsx' flag is provided.
src/app/(dashboard)/dashboard/market/page.tsx(113,13): error TS17004: Cannot use JSX unless the '--jsx' flag is provided.
src/app/(dashboard)/dashboard/market/page.tsx(257,13): error TS17004: Cannot use JSX unless the '--jsx' flag is provided.
src/app/(dashboard)/dashboard/market/page.tsx(258,17): error TS17004: Cannot use JSX unless the '--jsx' flag is provided.
src/app/(dashboard)/dashboard/market/page.tsx(259,30): error TS17004: Cannot use JSX unless the '--jsx' flag is provided.
src/app/(dashboard)/dashboard/market/page.tsx(259,50): error TS17004: Cannot use JSX unless the '--jsx' flag is provided.
src/app/(dashboard)/dashboard/market/page.tsx(259,71): error TS17004: Cannot use JSX unless the '--jsx' flag is provided.
src/app/(dashboard)/dashboard/market/page.tsx(261,26): error TS17004: Cannot use JSX unless the '--jsx' flag is provided.
src/app/(dashboard)/dashboard/market/page.tsx(267,9): error TS17004: Cannot use JSX unless the '--jsx' flag is provided.
src/app/(dashboard)/dashboard/market/page.tsx(268,13): error TS17004: Cannot use JSX unless the '--jsx' flag is provided.
src/app/(dashboard)/dashboard/market/page.tsx(270,17): error TS17004: Cannot use JSX unless the '--jsx' flag is provided.
src/app/(dashboard)/dashboard/market/page.tsx(271,21): error TS17004: Cannot use JSX unless the '--jsx' flag is provided.
src/app/(dashboard)/dashboard/market/page.tsx(272,25): error TS17004: Cannot use JSX unless the '--jsx' flag is provided.
src/app/(dashboard)/dashboard/market/page.tsx(273,29): error TS17004: Cannot use JSX unless the '--jsx' flag is provided.
src/app/(dashboard)/dashboard/market/page.tsx(274,29): error TS17004: Cannot use JSX unless the '--jsx' flag is provided.
src/app/(dashboard)/dashboard/market/page.tsx(276,25): error TS17004: Cannot use JSX unless the '--jsx' flag is provided.
src/app/(dashboard)/dashboard/market/page.tsx(277,25): error TS17004: Cannot use JSX unless the '--jsx' flag is provided.
src/app/(dashboard)/dashboard/market/page.tsx(278,51): error TS17004: Cannot use JSX unless the '--jsx' flag is provided.
src/app/(dashboard)/dashboard/market/page.tsx(280,25): error TS17004: Cannot use JSX unless the '--jsx' flag is provided.
src/app/(dashboard)/dashboard/market/page.tsx(281,25): error TS17004: Cannot use JSX unless the '--jsx' flag is provided.
src/app/(dashboard)/dashboard/market/page.tsx(282,51): error TS17004: Cannot use JSX unless the '--jsx' flag is provided.
src/app/(dashboard)/dashboard/market/page.tsx(282,286): error TS17004: Cannot use JSX unless the '--jsx' flag is provided.
src/app/(dashboard)/dashboard/market/page.tsx(284,25): error TS17004: Cannot use JSX unless the '--jsx' flag is provided.
src/app/(dashboard)/dashboard/market/page.tsx(285,25): error TS17004: Cannot use JSX unless the '--jsx' flag is provided.
src/app/(dashboard)/dashboard/market/page.tsx(286,29): error TS17004: Cannot use JSX unless the '--jsx' flag is provided.
src/app/(dashboard)/dashboard/market/page.tsx(286,264): error TS17004: Cannot use JSX unless the '--jsx' flag is provided.
src/app/(dashboard)/dashboard/market/page.tsx(287,29): error TS17004: Cannot use JSX unless the '--jsx' flag is provided.
src/app/(dashboard)/dashboard/market/page.tsx(287,274): error TS17004: Cannot use JSX unless the '--jsx' flag is provided.
src/app/(dashboard)/dashboard/market/page.tsx(288,29): error TS17004: Cannot use JSX unless the '--jsx' flag is provided.
src/app/(dashboard)/dashboard/market/page.tsx(288,268): error TS17004: Cannot use JSX unless the '--jsx' flag is provided.
src/app/(dashboard)/dashboard/market/page.tsx(292,21): error TS17004: Cannot use JSX unless the '--jsx' flag is provided.
src/app/(dashboard)/dashboard/market/page.tsx(293,25): error TS17004: Cannot use JSX unless the '--jsx' flag is provided.
src/app/(dashboard)/dashboard/market/page.tsx(294,25): error TS17004: Cannot use JSX unless the '--jsx' flag is provided.
src/app/(dashboard)/dashboard/market/page.tsx(299,17): error TS17004: Cannot use JSX unless the '--jsx' flag is provided.
src/app/(dashboard)/dashboard/market/page.tsx(300,21): error TS17004: Cannot use JSX unless the '--jsx' flag is provided.
src/app/(dashboard)/dashboard/market/page.tsx(304,17): error TS17004: Cannot use JSX unless the '--jsx' flag is provided.
src/app/(dashboard)/dashboard/market/page.tsx(305,21): error TS17004: Cannot use JSX unless the '--jsx' flag is provided.
src/app/(dashboard)/dashboard/market/page.tsx(306,25): error TS17004: Cannot use JSX unless the '--jsx' flag is provided.
src/app/(dashboard)/dashboard/market/page.tsx(307,25): error TS17004: Cannot use JSX unless the '--jsx' flag is provided.
src/app/(dashboard)/dashboard/market/page.tsx(310,21): error TS17004: Cannot use JSX unless the '--jsx' flag is provided.
src/app/(dashboard)/dashboard/market/page.tsx(312,29): error TS17004: Cannot use JSX unless the '--jsx' flag is provided.
src/app/(dashboard)/dashboard/market/page.tsx(313,33): error TS17004: Cannot use JSX unless the '--jsx' flag is provided.
src/app/(dashboard)/dashboard/market/page.tsx(314,37): error TS17004: Cannot use JSX unless the '--jsx' flag is provided.
src/app/(dashboard)/dashboard/market/page.tsx(315,37): error TS17004: Cannot use JSX unless the '--jsx' flag is provided.
src/app/(dashboard)/dashboard/market/page.tsx(318,37): error TS17004: Cannot use JSX unless the '--jsx' flag is provided.
src/app/(dashboard)/dashboard/market/page.tsx(319,41): error TS17004: Cannot use JSX unless the '--jsx' flag is provided.
src/app/(dashboard)/dashboard/market/page.tsx(320,45): error TS17004: Cannot use JSX unless the '--jsx' flag is provided.
src/app/(dashboard)/dashboard/market/page.tsx(321,45): error TS17004: Cannot use JSX unless the '--jsx' flag is provided.
src/app/(dashboard)/dashboard/market/page.tsx(323,41): error TS17004: Cannot use JSX unless the '--jsx' flag is provided.
src/app/(dashboard)/dashboard/market/page.tsx(324,41): error TS17004: Cannot use JSX unless the '--jsx' flag is provided.
src/app/(dashboard)/dashboard/market/page.tsx(325,41): error TS17004: Cannot use JSX unless the '--jsx' flag is provided.
src/app/(dashboard)/dashboard/market/page.tsx(333,21): error TS17004: Cannot use JSX unless the '--jsx' flag is provided.
src/app/(dashboard)/dashboard/market/page.tsx(334,25): error TS17004: Cannot use JSX unless the '--jsx' flag is provided.
src/app/(dashboard)/dashboard/market/page.tsx(338,21): error TS17004: Cannot use JSX unless the '--jsx' flag is provided.
src/app/(dashboard)/dashboard/market/page.tsx(340,29): error TS17004: Cannot use JSX unless the '--jsx' flag is provided.
src/app/(dashboard)/dashboard/market/page.tsx(341,33): error TS17004: Cannot use JSX unless the '--jsx' flag is provided.
src/app/(dashboard)/dashboard/market/page.tsx(342,37): error TS17004: Cannot use JSX unless the '--jsx' flag is provided.
src/app/(dashboard)/dashboard/market/page.tsx(343,37): error TS17004: Cannot use JSX unless the '--jsx' flag is provided.
src/app/(dashboard)/dashboard/market/page.tsx(344,37): error TS17004: Cannot use JSX unless the '--jsx' flag is provided.
src/app/(dashboard)/dashboard/market/page.tsx(345,41): error TS17004: Cannot use JSX unless the '--jsx' flag is provided.
src/app/(dashboard)/dashboard/market/page.tsx(346,41): error TS17004: Cannot use JSX unless the '--jsx' flag is provided.
src/app/(dashboard)/dashboard/market/page.tsx(347,41): error TS17004: Cannot use JSX unless the '--jsx' flag is provided.
src/app/(dashboard)/dashboard/market/page.tsx(351,33): error TS17004: Cannot use JSX unless the '--jsx' flag is provided.
src/app/(dashboard)/dashboard/market/page.tsx(352,37): error TS17004: Cannot use JSX unless the '--jsx' flag is provided.
src/app/(dashboard)/dashboard/market/page.tsx(353,41): error TS17004: Cannot use JSX unless the '--jsx' flag is provided.
src/app/(dashboard)/dashboard/market/page.tsx(354,41): error TS17004: Cannot use JSX unless the '--jsx' flag is provided.
src/app/(dashboard)/dashboard/market/page.tsx(356,37): error TS17004: Cannot use JSX unless the '--jsx' flag is provided.
src/app/(dashboard)/dashboard/market/page.tsx(357,41): error TS17004: Cannot use JSX unless the '--jsx' flag is provided.
src/app/(dashboard)/dashboard/market/page.tsx(358,45): error TS17004: Cannot use JSX unless the '--jsx' flag is provided.
src/app/(dashboard)/dashboard/market/page.tsx(359,45): error TS17004: Cannot use JSX unless the '--jsx' flag is provided.
src/app/(dashboard)/dashboard/market/page.tsx(360,95): error TS17004: Cannot use JSX unless the '--jsx' flag is provided.
src/app/(dashboard)/dashboard/market/page.tsx(360,151): error TS17004: Cannot use JSX unless the '--jsx' flag is provided.
src/app/(dashboard)/dashboard/market/page.tsx(361,49): error TS17004: Cannot use JSX unless the '--jsx' flag is provided.
src/app/(dashboard)/dashboard/market/page.tsx(366,41): error TS17004: Cannot use JSX unless the '--jsx' flag is provided.
src/app/(dashboard)/dashboard/market/page.tsx(367,45): error TS17004: Cannot use JSX unless the '--jsx' flag is provided.
src/app/(dashboard)/dashboard/market/page.tsx(368,45): error TS17004: Cannot use JSX unless the '--jsx' flag is provided.
src/app/(dashboard)/dashboard/market/page.tsx(369,49): error TS17004: Cannot use JSX unless the '--jsx' flag is provided.
src/app/(dashboard)/dashboard/market/page.tsx(370,49): error TS17004: Cannot use JSX unless the '--jsx' flag is provided.
src/app/(dashboard)/dashboard/market/page.tsx(373,41): error TS17004: Cannot use JSX unless the '--jsx' flag is provided.
src/app/(dashboard)/dashboard/market/page.tsx(374,45): error TS17004: Cannot use JSX unless the '--jsx' flag is provided.
src/app/(dashboard)/dashboard/market/page.tsx(375,45): error TS17004: Cannot use JSX unless the '--jsx' flag is provided.
src/app/(dashboard)/dashboard/market/page.tsx(380,33): error TS17004: Cannot use JSX unless the '--jsx' flag is provided.
src/app/(dashboard)/dashboard/market/page.tsx(381,37): error TS17004: Cannot use JSX unless the '--jsx' flag is provided.
src/app/(dashboard)/dashboard/market/page.tsx(382,37): error TS17004: Cannot use JSX unless the '--jsx' flag is provided.
src/app/(dashboard)/dashboard/market/page.tsx(383,129): error TS17004: Cannot use JSX unless the '--jsx' flag is provided.
src/app/(dashboard)/dashboard/market/page.tsx(383,146): error TS2322: Type '{ key: any; label: any; value: any; }' is not assignable to type '{ label: string; value: string; }'.
  Property 'key' does not exist on type '{ label: string; value: string; }'.
src/app/(dashboard)/dashboard/market/page.tsx(386,33): error TS17004: Cannot use JSX unless the '--jsx' flag is provided.
src/app/(dashboard)/dashboard/market/page.tsx(387,37): error TS17004: Cannot use JSX unless the '--jsx' flag is provided.
src/app/(dashboard)/dashboard/market/page.tsx(387,93): error TS17004: Cannot use JSX unless the '--jsx' flag is provided.
src/app/(dashboard)/dashboard/market/page.tsx(387,158): error TS17004: Cannot use JSX unless the '--jsx' flag is provided.
src/app/(dashboard)/dashboard/market/page.tsx(388,37): error TS17004: Cannot use JSX unless the '--jsx' flag is provided.
src/app/(dashboard)/dashboard/market/page.tsx(388,106): error TS17004: Cannot use JSX unless the '--jsx' flag is provided.
src/app/(dashboard)/dashboard/market/page.tsx(388,149): error TS17004: Cannot use JSX unless the '--jsx' flag is provided.
src/app/(dashboard)/dashboard/market/page.tsx(391,30): error TS17004: Cannot use JSX unless the '--jsx' flag is provided.
